// Jest Snapshot v1, https://goo.gl/fbAQLP

exports[`ProjectList (Design System) renders the projects table with design system components 1`] = `
<body>
  <div>
    <div
      data-testid="dashboard-layout"
    >
      <div
        class="max-w-7xl mx-auto"
      >
        <div
          class="flex justify-between items-center"
        >
          <div
            class="sm:flex-auto"
          >
            <h1
              class="text-xl font-medium text-white"
            >
              Projects
            </h1>
            <p
              class="mt-2 text-sm text-gray-400"
            >
              A list of all projects including their name, status, and key details.
            </p>
          </div>
          <div
            class="mt-4 sm:mt-0 sm:ml-16 sm:flex-none"
          >
            <button
              class="inline-flex items-center h-10 px-4 rounded-md text-sm font-medium text-white bg-indigo-600 hover:bg-indigo-700 focus:outline-none focus:ring-2 focus:ring-offset-2 focus:ring-indigo-500"
              type="button"
            >
              <svg
                class="h-5 w-5"
                fill="none"
                stroke="currentColor"
                viewBox="0 0 24 24"
                xmlns="http://www.w3.org/2000/svg"
              >
                <path
                  d="M12 4v16m8-8H4"
                  stroke-linecap="round"
                  stroke-linejoin="round"
                  stroke-width="2"
                />
              </svg>
              <span
                class="ml-3"
              >
                New Project
              </span>
            </button>
          </div>
        </div>
        <div
          class="mt-8 -mx-4 overflow-x-auto sm:-mx-6 lg:-mx-8"
        >
          <div
            class="inline-block min-w-full py-2 align-middle md:px-6 lg:px-8"
          >
            <div
              class="overflow-hidden shadow rounded-lg bg-[#1e2532]"
            >
              <table
                class="min-w-full divide-y divide-gray-700"
              >
                <thead
                  class="bg-[#2a3441]"
                >
                  <tr>
                    <th
                      class="px-3 py-3.5 text-left text-sm font-medium text-gray-400"
                      scope="col"
                    >
                      Name
                    </th>
                    <th
                      class="px-3 py-3.5 text-left text-sm font-medium text-gray-400"
                      scope="col"
                    >
                      Status
                    </th>
                    <th
                      class="px-3 py-3.5 text-left text-sm font-medium text-gray-400"
                      scope="col"
                    >
                      Budget
                    </th>
                    <th
                      class="px-3 py-3.5 text-left text-sm font-medium text-gray-400"
                      scope="col"
                    >
                      Start Date
                    </th>
                    <th
                      class="px-3 py-3.5 text-left text-sm font-medium text-gray-400"
                      scope="col"
                    >
                      End Date
                    </th>
                    <th
                      class="relative py-3.5 pl-3 pr-4 sm:pr-6"
                      scope="col"
                    >
                      <span
                        class="sr-only"
                      >
                        Actions
                      </span>
                    </th>
                  </tr>
                </thead>
                <tbody
                  class="divide-y divide-gray-700 bg-transparent"
                >
                  <tr
                    class="cursor-pointer hover:bg-[#2a3441] transition-colors duration-200"
                  >
                    <td
                      class="whitespace-nowrap px-3 py-4 text-sm text-white"
                    >
                      Test Project
                    </td>
                    <td
                      class="whitespace-nowrap px-3 py-4 text-sm"
                    >
                      <span
                        class="inline-flex rounded-full px-2 text-xs font-semibold leading-5 bg-[#6BFF90] bg-opacity-8 text-[#6BFF90]"
                      >
                        active
                      </span>
                    </td>
                    <td
                      class="whitespace-nowrap px-3 py-4 text-sm text-white"
                    >
                      $
                      10,000
                    </td>
                    <td
                      class="whitespace-nowrap px-3 py-4 text-sm text-white"
                    >
                      1/1/2024
                    </td>
                    <td
                      class="whitespace-nowrap px-3 py-4 text-sm text-white"
                    >
                      12/31/2024
                    </td>
                    <td
                      class="relative whitespace-nowrap py-4 pl-3 pr-4 text-right text-sm font-medium sm:pr-6"
                    >
                      <button
                        class="text-indigo-400 hover:text-indigo-300 transition-colors duration-200"
                      >
                        Edit
                      </button>
                    </td>
                  </tr>
                  <tr
                    class="cursor-pointer hover:bg-[#2a3441] transition-colors duration-200"
                  >
                    <td
                      class="whitespace-nowrap px-3 py-4 text-sm text-white"
                    >
                      Completed Project
                    </td>
                    <td
                      class="whitespace-nowrap px-3 py-4 text-sm"
                    >
                      <span
                        class="inline-flex rounded-full px-2 text-xs font-semibold leading-5 bg-[#FF3B30] bg-opacity-8 text-[#FF3B30]"
                      >
                        completed
                      </span>
                    </td>
                    <td
                      class="whitespace-nowrap px-3 py-4 text-sm text-white"
                    >
                      $
                      20,000
                    </td>
                    <td
                      class="whitespace-nowrap px-3 py-4 text-sm text-white"
                    >
                      1/1/2023
                    </td>
                    <td
                      class="whitespace-nowrap px-3 py-4 text-sm text-white"
                    >
                      12/31/2023
                    </td>
                    <td
                      class="relative whitespace-nowrap py-4 pl-3 pr-4 text-right text-sm font-medium sm:pr-6"
                    >
                      <button
                        class="text-indigo-400 hover:text-indigo-300 transition-colors duration-200"
                      >
                        Edit
                      </button>
                    </td>
                  </tr>
                </tbody>
              </table>
            </div>
          </div>
        </div>
      </div>
    </div>
  </div>
</body>
`;
